native landmarks36 {"kind":"courtyard","signs":5,"draws":1,"triangles":10,"atlas":[512,256],"textureBytes":524288,"elapsedMs":446.96,"disposals":{"geometry":1,"material":1,"texture":1}}
native landmarks36 {"kind":"concourse","signs":5,"draws":1,"triangles":10,"atlas":[512,256],"textureBytes":524288,"elapsedMs":302.64,"disposals":{"geometry":1,"material":1,"texture":1}}
node:internal/modules/run_main:107
    triggerUncaughtException(
    ^

AssertionError [ERR_ASSERTION]: actual Backrooms bake retains the map-owned sign material instead of globally caching a replacement
+ actual - expected
... Skipped lines

  MeshLambertMaterial {
    _alphaTest: 0,
-   _listeners: {
-     dispose: [
-       [Function (anonymous)]
-     ]
-   },
    allowOverride: true,
    alphaHash: false,
    alphaMap: null,
    alphaToCoverage: false,
    aoMap: null,
...
    combine: 0,
+   customProgramCacheKey: [Function (anonymous)],
    depthFunc: 3,
    depthTest: true,
    depthWrite: true,
    displacementBias: 0,
    displacementMap: null,
...
    },
+   onBeforeCompile: [Function (anonymous)],
    opacity: 1,
    polygonOffset: false,
    polygonOffsetFactor: 0,
    polygonOffsetUnits: 0,
    precision: null,
...
    type: 'MeshLambertMaterial',
+   userData: {
+     brBake: true,
+     noConsolidate: true
+   },
+   uuid: '4283f128-20d0-4fd8-8af2-49b5724ed454',
+   version: 1,
-   userData: {},
-   uuid: '8c2830a8-a198-4b76-8c27-a1386efdcaf9',
-   version: 0,
    vertexColors: false,
    visible: true,
    wireframe: false,
    wireframeLinecap: 'round',
    wireframeLinejoin: 'round',

    at file:///C:/Users/Sher/Desktop/TFG/tools/harness/openplaces36_landmarks.test.mjs:57:49 {
  generatedMessage: false,
  code: 'ERR_ASSERTION',
  actual: MeshLambertMaterial {
    isMaterial: true,
    uuid: '4283f128-20d0-4fd8-8af2-49b5724ed454',
    name: '',
    type: 'MeshLambertMaterial',
    blending: 1,
    side: 2,
    vertexColors: false,
    opacity: 1,
    transparent: false,
    alphaHash: false,
    blendSrc: 204,
    blendDst: 205,
    blendEquation: 100,
    blendSrcAlpha: null,
    blendDstAlpha: null,
    blendEquationAlpha: null,
    blendColor: Color { isColor: true, r: 0, g: 0, b: 0 },
    blendAlpha: 0,
    depthFunc: 3,
    depthTest: true,
    depthWrite: true,
    stencilWriteMask: 255,
    stencilFunc: 519,
    stencilRef: 0,
    stencilFuncMask: 255,
    stencilFail: 7680,
    stencilZFail: 7680,
    stencilZPass: 7680,
    stencilWrite: false,
    clippingPlanes: null,
    clipIntersection: false,
    clipShadows: false,
    shadowSide: null,
    colorWrite: true,
    precision: null,
    polygonOffset: false,
    polygonOffsetFactor: 0,
    polygonOffsetUnits: 0,
    dithering: false,
    alphaToCoverage: false,
    premultipliedAlpha: false,
    forceSinglePass: false,
    allowOverride: true,
    visible: true,
    toneMapped: true,
    userData: { brBake: true, noConsolidate: true },
    version: 1,
    _alphaTest: 0,
    isMeshLambertMaterial: true,
    color: Color { isColor: true, r: 1, g: 1, b: 1 },
    map: CanvasTexture {
      isTexture: true,
      uuid: 'da26abe6-ae1b-4c5c-96d1-c031d937de80',
      name: 'openplaces36-sign-atlas',
      source: TextureSource {
        isTextureSource: true,
        uuid: 'd59a05da-e4c9-4da8-862d-10d11381d3f3',
        data: {
          width: 512,
          height: 256,
          getContext: [Function (anonymous)],
          style: {},
          addEventListener: [Function: addEventListener],
          querySelector: [Function: querySelector],
          children: [],
          insertBefore: [Function: insertBefore],
          append: [Function: append],
          appendChild: [Function: appendChild],
          remove: [Function: remove],
          dataset: {},
          classList: {
            contains: [Function: contains],
            add: [Function: add],
            remove: [Function: remove]
          },
          isConnected: true
        },
        dataReady: true,
        version: 5
      },
      mipmaps: [],
      mapping: 300,
      channel: 0,
      wrapS: 1001,
      wrapT: 1001,
      magFilter: 1003,
      minFilter: 1003,
      anisotropy: 1,
      format: 1023,
      internalFormat: null,
      type: 1009,
      offset: Vector2 { x: 0, y: 0 },
      repeat: Vector2 { x: 1, y: 1 },
      center: Vector2 { x: 0, y: 0 },
      rotation: 0,
      matrixAutoUpdate: true,
      matrix: Matrix3 {
        elements: [
          1, 0, 0, 0, 1,
          0, 0, 0, 1
        ]
      },
      generateMipmaps: false,
      premultiplyAlpha: false,
      flipY: true,
      unpackAlignment: 4,
      colorSpace: 'srgb',
      userData: {},
      updateRanges: [],
      version: 5,
      onUpdate: null,
      renderTarget: null,
      isRenderTargetTexture: false,
      isArrayTexture: false,
      pmremVersion: 0,
      normalized: false,
      isCanvasTexture: true,
      _listeners: { dispose: [ [Function (anonymous)], [Function (anonymous)] ] }
    },
    lightMap: null,
    lightMapIntensity: 1,
    aoMap: null,
    aoMapIntensity: 1,
    emissive: Color { isColor: true, r: 0, g: 0, b: 0 },
    emissiveIntensity: 1,
    emissiveMap: null,
    bumpMap: null,
    bumpScale: 1,
    normalMap: null,
    normalMapType: 0,
    normalScale: Vector2 { x: 1, y: 1 },
    displacementMap: null,
    displacementScale: 1,
    displacementBias: 0,
    specularMap: null,
    alphaMap: null,
    envMap: null,
    envMapRotation: Euler { isEuler: true, _x: 0, _y: 0, _z: 0, _order: 'XYZ' },
    combine: 0,
    reflectivity: 1,
    envMapIntensity: 1,
    refractionRatio: 0.98,
    wireframe: false,
    wireframeLinewidth: 1,
    wireframeLinecap: 'round',
    wireframeLinejoin: 'round',
    flatShading: true,
    fog: true,
    onBeforeCompile: [Function (anonymous)],
    customProgramCacheKey: [Function (anonymous)]
  },
  expected: MeshLambertMaterial {
    isMaterial: true,
    uuid: '8c2830a8-a198-4b76-8c27-a1386efdcaf9',
    name: '',
    type: 'MeshLambertMaterial',
    blending: 1,
    side: 2,
    vertexColors: false,
    opacity: 1,
    transparent: false,
    alphaHash: false,
    blendSrc: 204,
    blendDst: 205,
    blendEquation: 100,
    blendSrcAlpha: null,
    blendDstAlpha: null,
    blendEquationAlpha: null,
    blendColor: Color { isColor: true, r: 0, g: 0, b: 0 },
    blendAlpha: 0,
    depthFunc: 3,
    depthTest: true,
    depthWrite: true,
    stencilWriteMask: 255,
    stencilFunc: 519,
    stencilRef: 0,
    stencilFuncMask: 255,
    stencilFail: 7680,
    stencilZFail: 7680,
    stencilZPass: 7680,
    stencilWrite: false,
    clippingPlanes: null,
    clipIntersection: false,
    clipShadows: false,
    shadowSide: null,
    colorWrite: true,
    precision: null,
    polygonOffset: false,
    polygonOffsetFactor: 0,
    polygonOffsetUnits: 0,
    dithering: false,
    alphaToCoverage: false,
    premultipliedAlpha: false,
    forceSinglePass: false,
    allowOverride: true,
    visible: true,
    toneMapped: true,
    userData: {},
    version: 0,
    _alphaTest: 0,
    isMeshLambertMaterial: true,
    color: Color { isColor: true, r: 1, g: 1, b: 1 },
    map: CanvasTexture {
      isTexture: true,
      uuid: 'da26abe6-ae1b-4c5c-96d1-c031d937de80',
      name: 'openplaces36-sign-atlas',
      source: TextureSource {
        isTextureSource: true,
        uuid: 'd59a05da-e4c9-4da8-862d-10d11381d3f3',
        data: {
          width: 512,
          height: 256,
          getContext: [Function (anonymous)],
          style: {},
          addEventListener: [Function: addEventListener],
          querySelector: [Function: querySelector],
          children: [],
          insertBefore: [Function: insertBefore],
          append: [Function: append],
          appendChild: [Function: appendChild],
          remove: [Function: remove],
          dataset: {},
          classList: {
            contains: [Function: contains],
            add: [Function: add],
            remove: [Function: remove]
          },
          isConnected: true
        },
        dataReady: true,
        version: 5
      },
      mipmaps: [],
      mapping: 300,
      channel: 0,
      wrapS: 1001,
      wrapT: 1001,
      magFilter: 1003,
      minFilter: 1003,
      anisotropy: 1,
      format: 1023,
      internalFormat: null,
      type: 1009,
      offset: Vector2 { x: 0, y: 0 },
      repeat: Vector2 { x: 1, y: 1 },
      center: Vector2 { x: 0, y: 0 },
      rotation: 0,
      matrixAutoUpdate: true,
      matrix: Matrix3 {
        elements: [
          1, 0, 0, 0, 1,
          0, 0, 0, 1
        ]
      },
      generateMipmaps: false,
      premultiplyAlpha: false,
      flipY: true,
      unpackAlignment: 4,
      colorSpace: 'srgb',
      userData: {},
      updateRanges: [],
      version: 5,
      onUpdate: null,
      renderTarget: null,
      isRenderTargetTexture: false,
      isArrayTexture: false,
      pmremVersion: 0,
      normalized: false,
      isCanvasTexture: true,
      _listeners: { dispose: [ [Function (anonymous)], [Function (anonymous)] ] }
    },
    lightMap: null,
    lightMapIntensity: 1,
    aoMap: null,
    aoMapIntensity: 1,
    emissive: Color { isColor: true, r: 0, g: 0, b: 0 },
    emissiveIntensity: 1,
    emissiveMap: null,
    bumpMap: null,
    bumpScale: 1,
    normalMap: null,
    normalMapType: 0,
    normalScale: Vector2 { x: 1, y: 1 },
    displacementMap: null,
    displacementScale: 1,
    displacementBias: 0,
    specularMap: null,
    alphaMap: null,
    envMap: null,
    envMapRotation: Euler { isEuler: true, _x: 0, _y: 0, _z: 0, _order: 'XYZ' },
    combine: 0,
    reflectivity: 1,
    envMapIntensity: 1,
    refractionRatio: 0.98,
    wireframe: false,
    wireframeLinewidth: 1,
    wireframeLinecap: 'round',
    wireframeLinejoin: 'round',
    flatShading: true,
    fog: true,
    _listeners: { dispose: [ [Function (anonymous)] ] }
  },
  operator: 'strictEqual',
  diff: 'simple'
}

Node.js v24.19.0
